<html>
<body>
<pre>
<h1>µVision Build Log</h1>
<h2>Tool Versions:</h2>
IDE-Version: ¦ÌVision V5.24.2.0
Copyright (C) 2017 ARM Ltd and ARM Germany GmbH. All rights reserved.
License Information: 123 tom, 123, LIC=VGXG8-3FIRH-SBFEJ-U0DMB-WKZDW-9SB2B
 
Tool Versions:
Toolchain:       MDK-ARM Plus  Version: 5.24.1
Toolchain Path:  E:\c++study\Keil_v5\ARM\ARMCC\Bin
C Compiler:      Armcc.exe V5.06 update 5 (build 528)
Assembler:       Armasm.exe V5.06 update 5 (build 528)
Linker/Locator:  ArmLink.exe V5.06 update 5 (build 528)
Library Manager: ArmAr.exe V5.06 update 5 (build 528)
Hex Converter:   FromElf.exe V5.06 update 5 (build 528)
CPU DLL:         SARMCM3.DLL V5.24.1
Dialog DLL:      DARMSTM.DLL V1.68.0.0
Target DLL:      CMSIS_AGDI.dll V1.28.3.0
Dialog DLL:      TARMSTM.DLL V1.66.0.0
 
<h2>Project:</h2>
E:\c++study\STM32_Neusoft\MPU6050_DMP\Project\RVMDK£¨uv5£©\BH-F103.uvprojx
Project File Date:  04/26/2024

<h2>Output:</h2>
*** Using Compiler 'V5.06 update 5 (build 528)', folder: 'E:\c++study\Keil_v5\ARM\ARMCC\Bin'
Rebuild target 'MPU-DMP-EXAMPLE'
assembling startup_stm32f10x_hd.s...
compiling core_cm3.c...
compiling stm32f10x_dbgmcu.c...
compiling stm32f10x_dac.c...
compiling misc.c...
compiling system_stm32f10x.c...
compiling stm32f10x_dma.c...
compiling stm32f10x_fsmc.c...
compiling stm32f10x_cec.c...
compiling stm32f10x_flash.c...
compiling stm32f10x_crc.c...
compiling stm32f10x_gpio.c...
compiling stm32f10x_bkp.c...
compiling stm32f10x_exti.c...
compiling stm32f10x_adc.c...
compiling stm32f10x_i2c.c...
compiling stm32f10x_can.c...
compiling stm32f10x_iwdg.c...
compiling stm32f10x_pwr.c...
compiling stm32f10x_rtc.c...
compiling stm32f10x_sdio.c...
compiling stm32f10x_rcc.c...
compiling stm32f10x_spi.c...
compiling stm32f10x_wwdg.c...
compiling bsp_led.c...
compiling stm32f10x_it.c...
compiling bsp_SysTick.c...
compiling stm32f10x_usart.c...
compiling bsp_exti.c...
compiling bsp_i2c.c...
compiling stm32f10x_tim.c...
compiling bsp_usart.c...
compiling main.c...
..\..\User\./dht11/bsp_dht11.h(38): warning:  #1295-D: Deprecated declaration DHT11_Init - give arg types
  void DHT11_Init();
..\..\User\./dht11/bsp_dht11.h(43): warning:  #1-D: last line of file ends without a newline
  #endif
..\..\User\main.c(139): warning:  #177-D: variable "msg"  was declared but never referenced
    long msg, data[9];
..\..\User\main.c(142): warning:  #177-D: variable "timestamp"  was declared but never referenced
    unsigned long timestamp;
..\..\User\main.c(143): warning:  #177-D: variable "float_data"  was declared but never referenced
    float float_data[3] = {0};
..\..\User\main.c(195): warning:  #177-D: function "run_self_test"  was declared but never referenced
  static inline void run_self_test(void)
..\..\User\main.c: 6 warnings, 0 errors
compiling eMPL_outputs.c...
compiling bsp_dht11.c...
..\..\User\dht11\./bsp_dht11.h(38): warning:  #1295-D: Deprecated declaration DHT11_Init - give arg types
  void DHT11_Init();
..\..\User\dht11\./bsp_dht11.h(43): warning:  #1-D: last line of file ends without a newline
  #endif
..\..\User\dht11\bsp_dht11.c: 2 warnings, 0 errors
compiling hal_outputs.c...
compiling message_layer.c...
compiling data_builder.c...
compiling mlmath.c...
compiling fonts.c...
compiling mpl.c...
compiling bsp_ili9341_lcd.c...
compiling start_manager.c...
compiling results_holder.c...
compiling ml_math_func.c...
compiling log_stm32.c...
compiling storage_manager.c...
compiling inv_mpu_dmp_motion_driver.c...
compiling inv_mpu.c...
linking...
Program Size: Code=39088 RO-data=18844 RW-data=224 ZI-data=7016  
FromELF: creating hex file...
"..\..\Output\MPU.axf" - 0 Error(s), 8 Warning(s).

<h2>Software Packages used:</h2>

Package Vendor: Keil
                http://www.keil.com/pack/Keil.STM32F1xx_DFP.2.2.0.pack
                Keil.STM32F1xx_DFP.2.2.0
                STMicroelectronics STM32F1 Series Device Support, Drivers and Examples

<h2>Collection of Component include folders:</h2>
  .\RTE\_MPU-DMP-EXAMPLE
  E:\c++study\Keil_v5\ARM\PACK\Keil\STM32F1xx_DFP\2.2.0\Device\Include

<h2>Collection of Component Files used:</h2>
Build Time Elapsed:  00:00:02
</pre>
</body>
</html>
